// Jest Snapshot v1, https://goo.gl/fbAQLP

exports[`QuestionPage will match QuestionContainer 1`] = `
Object {
  "asFragment": [Function],
  "baseElement": <body>
    <div>
      <div
        class="question"
        data-testid="question"
      >
        <div
          class="questionWrapper"
        >
          <h5>
            sarahedo
          </h5>
          <p
            class="datetime"
          >
            4:21:AM | 29.6.2016
          </p>
        </div>
        <div
          class="buttonWrapper"
        >
          <a
            class="questionButton"
            href="/questions/8xf0y6ziyjabvozdd253nd"
          >
            Show
          </a>
        </div>
      </div>
    </div>
  </body>,
  "container": <div>
    <div
      class="question"
      data-testid="question"
    >
      <div
        class="questionWrapper"
      >
        <h5>
          sarahedo
        </h5>
        <p
          class="datetime"
        >
          4:21:AM | 29.6.2016
        </p>
      </div>
      <div
        class="buttonWrapper"
      >
        <a
          class="questionButton"
          href="/questions/8xf0y6ziyjabvozdd253nd"
        >
          Show
        </a>
      </div>
    </div>
  </div>,
  "debug": [Function],
  "findAllByAltText": [Function],
  "findAllByDisplayValue": [Function],
  "findAllByLabelText": [Function],
  "findAllByPlaceholderText": [Function],
  "findAllByRole": [Function],
  "findAllByTestId": [Function],
  "findAllByText": [Function],
  "findAllByTitle": [Function],
  "findByAltText": [Function],
  "findByDisplayValue": [Function],
  "findByLabelText": [Function],
  "findByPlaceholderText": [Function],
  "findByRole": [Function],
  "findByTestId": [Function],
  "findByText": [Function],
  "findByTitle": [Function],
  "getAllByAltText": [Function],
  "getAllByDisplayValue": [Function],
  "getAllByLabelText": [Function],
  "getAllByPlaceholderText": [Function],
  "getAllByRole": [Function],
  "getAllByTestId": [Function],
  "getAllByText": [Function],
  "getAllByTitle": [Function],
  "getByAltText": [Function],
  "getByDisplayValue": [Function],
  "getByLabelText": [Function],
  "getByPlaceholderText": [Function],
  "getByRole": [Function],
  "getByTestId": [Function],
  "getByText": [Function],
  "getByTitle": [Function],
  "queryAllByAltText": [Function],
  "queryAllByDisplayValue": [Function],
  "queryAllByLabelText": [Function],
  "queryAllByPlaceholderText": [Function],
  "queryAllByRole": [Function],
  "queryAllByTestId": [Function],
  "queryAllByText": [Function],
  "queryAllByTitle": [Function],
  "queryByAltText": [Function],
  "queryByDisplayValue": [Function],
  "queryByLabelText": [Function],
  "queryByPlaceholderText": [Function],
  "queryByRole": [Function],
  "queryByTestId": [Function],
  "queryByText": [Function],
  "queryByTitle": [Function],
  "rerender": [Function],
  "unmount": [Function],
}
`;
